[34mMinimax Hybrid Loader: [92mloaded[0m!

[step_timer] ProgressBar wrapper installed
/mnt/ssdraid/project/comfy-h3/.venv-exp/lib/python3.10/site-packages/torch/distributed/c10d_logger.py:83: UserWarning: barrier(): using the device under current context. You can specify `device_id` in `init_process_group` to mute this warning.
  return func(*args, **kwargs)
[rank0]:[W920 03:32:27.101530470 ProcessGroupNCCL.cpp:5276] Guessing device ID based on global rank. This can cause a hang if rank to GPU mapping is heterogeneous. You can specify device_id in init_process_group()
[rank0]:[E920 03:42:29.276372510 ProcessGroupNCCL.cpp:1899] [PG ID 0 PG GUID 0(default_pg) Rank 0] Observed flight recorder dump signal from another rank via TCPStore.
[rank0]:[E920 03:42:29.276547898 ProcessGroupNCCL.cpp:1964] [PG ID 0 PG GUID 0(default_pg) Rank 0] Received a dump signal due to a collective timeout from  rank 3 and we will try our best to dump the debug info. Last enqueued NCCL work: 2, last completed NCCL work: 1.This is most likely caused by incorrect usages of collectives, e.g., wrong sizes used across ranks, the order of collectives is not same for all ranks or the scheduled collective, for some reason, didn't run. Additionally, this can be caused by GIL deadlock or other reasons such as network errors or bugs in the communications library (e.g. NCCL), etc. 
[rank0]:[E920 03:42:29.276950282 ProcessGroupNCCL.cpp:1677] [PG ID 0 PG GUID 0(default_pg) Rank 0] ProcessGroupNCCL preparing to dump debug info. Include stack trace: 1, only active collectives: 0
[rank0]:[E920 03:43:17.757936037 ProcessGroupNCCL.cpp:730] [Rank 0] Watchdog caught collective operation timeout: WorkNCCL(SeqNum=2, OpType=ALLREDUCE, NumelIn=1, NumelOut=1, Timeout(ms)=600000) ran for 600048 milliseconds before timing out.
[rank0]:[E920 03:43:17.759185994 ProcessGroupNCCL.cpp:2372] [PG ID 0 PG GUID 0(default_pg) Rank 0]  failure detected by watchdog at work sequence id: 2 PG status: last enqueued work: 2, last started work: -1 (), last completed work: 1
[rank0]:[E920 03:43:17.759971832 ProcessGroupNCCL.cpp:774] Stack trace of the failed collective: 
#0 barrier from /mnt/ssdraid/project/comfy-h3/.venv-exp/lib/python3.10/site-packages/torch/distributed/distributed_c10d.py:5349
#1 wrapper from /mnt/ssdraid/project/comfy-h3/.venv-exp/lib/python3.10/site-packages/torch/distributed/c10d_logger.py:83
#2 bench from /mnt/ssdraid/project/h3-opt/harness/sp_vae_dist_test.py:82
#3 <module> from /mnt/ssdraid/project/h3-opt/harness/sp_vae_dist_test.py:89

[rank0]:[E920 03:44:17.760365780 ProcessGroupNCCL.cpp:791] [Rank 0] Some NCCL operations have failed or timed out. Due to the asynchronous nature of CUDA kernels, subsequent GPU operations might run on corrupted/incomplete data.
[rank0]:[E920 03:44:17.760487412 ProcessGroupNCCL.cpp:805] [Rank 0] To avoid data inconsistency, we are taking the entire process down.
[rank0]:[E920 03:44:17.763506557 ProcessGroupNCCL.cpp:2174] [PG ID 0 PG GUID 0(default_pg) Rank 0] Process group watchdog thread terminated with exception: [Rank 0] Watchdog caught collective operation timeout: WorkNCCL(SeqNum=2, OpType=ALLREDUCE, NumelIn=1, NumelOut=1, Timeout(ms)=600000) ran for 600048 milliseconds before timing out.
Exception raised from checkTimeout at /__w/pytorch/pytorch/torch/csrc/distributed/c10d/ProcessGroupNCCL.cpp:733 (most recent call first):
frame #0: c10::Error::Error(c10::SourceLocation, std::__cxx11::basic_string<char, std::char_traits<char>, std::allocator<char> >) + 0x9d (0x7f0fc2163bfd in /mnt/ssdraid/project/comfy-h3/.venv-exp/lib/python3.10/site-packages/torch/lib/libc10.so)
frame #1: c10::DistError::DistError(c10::SourceLocation, std::__cxx11::basic_string<char, std::char_traits<char>, std::allocator<char> >) + 0x72 (0x7f0fc2164bd2 in /mnt/ssdraid/project/comfy-h3/.venv-exp/lib/python3.10/site-packages/torch/lib/libc10.so)
frame #2: c10::DistBackendError::DistBackendError(c10::SourceLocation, std::__cxx11::basic_string<char, std::char_traits<char>, std::allocator<char> >) + 0x72 (0x7f0fc2164d02 in /mnt/ssdraid/project/comfy-h3/.venv-exp/lib/python3.10/site-packages/torch/lib/libc10.so)
frame #3: c10d::ProcessGroupNCCL::WorkNCCL::checkTimeout(std::optional<std::chrono::duration<long, std::ratio<1l, 1000l> > >) + 0x2b1 (0x7f0f0d46fb41 in /mnt/ssdraid/project/comfy-h3/.venv-exp/lib/python3.10/site-packages/torch/lib/libtorch_cuda.so)
frame #4: c10d::ProcessGroupNCCL::Watchdog::runLoop() + 0x1541 (0x7f0f0d47b931 in /mnt/ssdraid/project/comfy-h3/.venv-exp/lib/python3.10/site-packages/torch/lib/libtorch_cuda.so)
frame #5: c10d::ProcessGroupNCCL::Watchdog::run() + 0x157 (0x7f0f0d47cd47 in /mnt/ssdraid/project/comfy-h3/.venv-exp/lib/python3.10/site-packages/torch/lib/libtorch_cuda.so)
frame #6: <unknown function> + 0xf6ca6 (0x7f0f92454ca6 in /lib/x86_64-linux-gnu/libstdc++.so.6)
frame #7: <unknown function> + 0x94a83 (0x7f0fc3416a83 in /lib/x86_64-linux-gnu/libc.so.6)
frame #8: <unknown function> + 0x1268e0 (0x7f0fc34a88e0 in /lib/x86_64-linux-gnu/libc.so.6)

terminate called after throwing an instance of 'c10::DistBackendError'
  what():  [PG ID 0 PG GUID 0(default_pg) Rank 0] Process group watchdog thread terminated with exception: [Rank 0] Watchdog caught collective operation timeout: WorkNCCL(SeqNum=2, OpType=ALLREDUCE, NumelIn=1, NumelOut=1, Timeout(ms)=600000) ran for 600048 milliseconds before timing out.
Exception raised from checkTimeout at /__w/pytorch/pytorch/torch/csrc/distributed/c10d/ProcessGroupNCCL.cpp:733 (most recent call first):
frame #0: c10::Error::Error(c10::SourceLocation, std::__cxx11::basic_string<char, std::char_traits<char>, std::allocator<char> >) + 0x9d (0x7f0fc2163bfd in /mnt/ssdraid/project/comfy-h3/.venv-exp/lib/python3.10/site-packages/torch/lib/libc10.so)
frame #1: c10::DistError::DistError(c10::SourceLocation, std::__cxx11::basic_string<char, std::char_traits<char>, std::allocator<char> >) + 0x72 (0x7f0fc2164bd2 in /mnt/ssdraid/project/comfy-h3/.venv-exp/lib/python3.10/site-packages/torch/lib/libc10.so)
frame #2: c10::DistBackendError::DistBackendError(c10::SourceLocation, std::__cxx11::basic_string<char, std::char_traits<char>, std::allocator<char> >) + 0x72 (0x7f0fc2164d02 in /mnt/ssdraid/project/comfy-h3/.venv-exp/lib/python3.10/site-packages/torch/lib/libc10.so)
frame #3: c10d::ProcessGroupNCCL::WorkNCCL::checkTimeout(std::optional<std::chrono::duration<long, std::ratio<1l, 1000l> > >) + 0x2b1 (0x7f0f0d46fb41 in /mnt/ssdraid/project/comfy-h3/.venv-exp/lib/python3.10/site-packages/torch/lib/libtorch_cuda.so)
frame #4: c10d::ProcessGroupNCCL::Watchdog::runLoop() + 0x1541 (0x7f0f0d47b931 in /mnt/ssdraid/project/comfy-h3/.venv-exp/lib/python3.10/site-packages/torch/lib/libtorch_cuda.so)
frame #5: c10d::ProcessGroupNCCL::Watchdog::run() + 0x157 (0x7f0f0d47cd47 in /mnt/ssdraid/project/comfy-h3/.venv-exp/lib/python3.10/site-packages/torch/lib/libtorch_cuda.so)
frame #6: <unknown function> + 0xf6ca6 (0x7f0f92454ca6 in /lib/x86_64-linux-gnu/libstdc++.so.6)
frame #7: <unknown function> + 0x94a83 (0x7f0fc3416a83 in /lib/x86_64-linux-gnu/libc.so.6)
frame #8: <unknown function> + 0x1268e0 (0x7f0fc34a88e0 in /lib/x86_64-linux-gnu/libc.so.6)

Exception raised from run at /__w/pytorch/pytorch/torch/csrc/distributed/c10d/ProcessGroupNCCL.cpp:2180 (most recent call first):
frame #0: c10::Error::Error(c10::SourceLocation, std::__cxx11::basic_string<char, std::char_traits<char>, std::allocator<char> >) + 0x9d (0x7f0fc2163bfd in /mnt/ssdraid/project/comfy-h3/.venv-exp/lib/python3.10/site-packages/torch/lib/libc10.so)
frame #1: c10::DistError::DistError(c10::SourceLocation, std::__cxx11::basic_string<char, std::char_traits<char>, std::allocator<char> >) + 0x72 (0x7f0fc2164bd2 in /mnt/ssdraid/project/comfy-h3/.venv-exp/lib/python3.10/site-packages/torch/lib/libc10.so)
frame #2: c10::DistBackendError::DistBackendError(c10::SourceLocation, std::__cxx11::basic_string<char, std::char_traits<char>, std::allocator<char> >) + 0x72 (0x7f0fc2164d02 in /mnt/ssdraid/project/comfy-h3/.venv-exp/lib/python3.10/site-packages/torch/lib/libc10.so)
frame #3: <unknown function> + 0x697922 (0x7f0f0cbb6922 in /mnt/ssdraid/project/comfy-h3/.venv-exp/lib/python3.10/site-packages/torch/lib/libtorch_cuda.so)
frame #4: <unknown function> + 0xf6ca6 (0x7f0f92454ca6 in /lib/x86_64-linux-gnu/libstdc++.so.6)
frame #5: <unknown function> + 0x94a83 (0x7f0fc3416a83 in /lib/x86_64-linux-gnu/libc.so.6)
frame #6: <unknown function> + 0x1268e0 (0x7f0fc34a88e0 in /lib/x86_64-linux-gnu/libc.so.6)

