[34mMinimax Hybrid Loader: [92mloaded[0m!

[step_timer] ProgressBar wrapper installed
[rank1]:[W920 03:31:37.398785964 ProcessGroupNCCL.cpp:5276] Guessing device ID based on global rank. This can cause a hang if rank to GPU mapping is heterogeneous. You can specify device_id in init_process_group()
[rank1]:[E920 03:42:28.570595995 ProcessGroupNCCL.cpp:730] [Rank 1] Watchdog caught collective operation timeout: WorkNCCL(SeqNum=2, OpType=BROADCAST, NumelIn=6, NumelOut=6, Timeout(ms)=600000) ran for 600001 milliseconds before timing out.
[rank1]:[E920 03:42:28.571873936 ProcessGroupNCCL.cpp:2372] [PG ID 0 PG GUID 0(default_pg) Rank 1]  failure detected by watchdog at work sequence id: 2 PG status: last enqueued work: 2, last started work: -1 (), last completed work: 1
[rank1]:[E920 03:42:28.572851382 ProcessGroupNCCL.cpp:774] Stack trace of the failed collective: 
#0 broadcast from /mnt/ssdraid/project/comfy-h3/.venv-exp/lib/python3.10/site-packages/torch/distributed/distributed_c10d.py:3145
#1 wrapper from /mnt/ssdraid/project/comfy-h3/.venv-exp/lib/python3.10/site-packages/torch/distributed/c10d_logger.py:83
#2 dist_decode_temporal from /mnt/ssdraid/project/h3-opt/harness/sp_vae_dist_test.py:46
#3 <lambda> from /mnt/ssdraid/project/h3-opt/harness/sp_vae_dist_test.py:94
#4 bench from /mnt/ssdraid/project/h3-opt/harness/sp_vae_dist_test.py:77
#5 <module> from /mnt/ssdraid/project/h3-opt/harness/sp_vae_dist_test.py:94

[rank1]:[E920 03:42:28.573024428 ProcessGroupNCCL.cpp:2714] [PG ID 0 PG GUID 0(default_pg) Rank 1] First PG on this rank to signal dumping.
[rank1]:[E920 03:42:29.276699457 ProcessGroupNCCL.cpp:1964] [PG ID 0 PG GUID 0(default_pg) Rank 1] Received a dump signal due to a collective timeout from this local rank and we will try our best to dump the debug info. Last enqueued NCCL work: 2, last completed NCCL work: 1.This is most likely caused by incorrect usages of collectives, e.g., wrong sizes used across ranks, the order of collectives is not same for all ranks or the scheduled collective, for some reason, didn't run. Additionally, this can be caused by GIL deadlock or other reasons such as network errors or bugs in the communications library (e.g. NCCL), etc. 
[rank1]:[E920 03:42:29.276946537 ProcessGroupNCCL.cpp:1677] [PG ID 0 PG GUID 0(default_pg) Rank 1] ProcessGroupNCCL preparing to dump debug info. Include stack trace: 1, only active collectives: 0
[rank1]:[E920 03:43:28.573259827 ProcessGroupNCCL.cpp:791] [Rank 1] Some NCCL operations have failed or timed out. Due to the asynchronous nature of CUDA kernels, subsequent GPU operations might run on corrupted/incomplete data.
[rank1]:[E920 03:43:28.573386308 ProcessGroupNCCL.cpp:805] [Rank 1] To avoid data inconsistency, we are taking the entire process down.
[rank1]:[E920 03:43:28.576464114 ProcessGroupNCCL.cpp:2174] [PG ID 0 PG GUID 0(default_pg) Rank 1] Process group watchdog thread terminated with exception: [Rank 1] Watchdog caught collective operation timeout: WorkNCCL(SeqNum=2, OpType=BROADCAST, NumelIn=6, NumelOut=6, Timeout(ms)=600000) ran for 600001 milliseconds before timing out.
Exception raised from checkTimeout at /__w/pytorch/pytorch/torch/csrc/distributed/c10d/ProcessGroupNCCL.cpp:733 (most recent call first):
frame #0: c10::Error::Error(c10::SourceLocation, std::__cxx11::basic_string<char, std::char_traits<char>, std::allocator<char> >) + 0x9d (0x7f0d46763bfd in /mnt/ssdraid/project/comfy-h3/.venv-exp/lib/python3.10/site-packages/torch/lib/libc10.so)
frame #1: c10::DistError::DistError(c10::SourceLocation, std::__cxx11::basic_string<char, std::char_traits<char>, std::allocator<char> >) + 0x72 (0x7f0d46764bd2 in /mnt/ssdraid/project/comfy-h3/.venv-exp/lib/python3.10/site-packages/torch/lib/libc10.so)
frame #2: c10::DistBackendError::DistBackendError(c10::SourceLocation, std::__cxx11::basic_string<char, std::char_traits<char>, std::allocator<char> >) + 0x72 (0x7f0d46764d02 in /mnt/ssdraid/project/comfy-h3/.venv-exp/lib/python3.10/site-packages/torch/lib/libc10.so)
frame #3: c10d::ProcessGroupNCCL::WorkNCCL::checkTimeout(std::optional<std::chrono::duration<long, std::ratio<1l, 1000l> > >) + 0x2b1 (0x7f0c91e6fb41 in /mnt/ssdraid/project/comfy-h3/.venv-exp/lib/python3.10/site-packages/torch/lib/libtorch_cuda.so)
frame #4: c10d::ProcessGroupNCCL::Watchdog::runLoop() + 0x1541 (0x7f0c91e7b931 in /mnt/ssdraid/project/comfy-h3/.venv-exp/lib/python3.10/site-packages/torch/lib/libtorch_cuda.so)
frame #5: c10d::ProcessGroupNCCL::Watchdog::run() + 0x157 (0x7f0c91e7cd47 in /mnt/ssdraid/project/comfy-h3/.venv-exp/lib/python3.10/site-packages/torch/lib/libtorch_cuda.so)
frame #6: <unknown function> + 0xf6ca6 (0x7f0d16e54ca6 in /lib/x86_64-linux-gnu/libstdc++.so.6)
frame #7: <unknown function> + 0x94a83 (0x7f0d47c6ca83 in /lib/x86_64-linux-gnu/libc.so.6)
frame #8: <unknown function> + 0x1268e0 (0x7f0d47cfe8e0 in /lib/x86_64-linux-gnu/libc.so.6)

terminate called after throwing an instance of 'c10::DistBackendError'
  what():  [PG ID 0 PG GUID 0(default_pg) Rank 1] Process group watchdog thread terminated with exception: [Rank 1] Watchdog caught collective operation timeout: WorkNCCL(SeqNum=2, OpType=BROADCAST, NumelIn=6, NumelOut=6, Timeout(ms)=600000) ran for 600001 milliseconds before timing out.
Exception raised from checkTimeout at /__w/pytorch/pytorch/torch/csrc/distributed/c10d/ProcessGroupNCCL.cpp:733 (most recent call first):
frame #0: c10::Error::Error(c10::SourceLocation, std::__cxx11::basic_string<char, std::char_traits<char>, std::allocator<char> >) + 0x9d (0x7f0d46763bfd in /mnt/ssdraid/project/comfy-h3/.venv-exp/lib/python3.10/site-packages/torch/lib/libc10.so)
frame #1: c10::DistError::DistError(c10::SourceLocation, std::__cxx11::basic_string<char, std::char_traits<char>, std::allocator<char> >) + 0x72 (0x7f0d46764bd2 in /mnt/ssdraid/project/comfy-h3/.venv-exp/lib/python3.10/site-packages/torch/lib/libc10.so)
frame #2: c10::DistBackendError::DistBackendError(c10::SourceLocation, std::__cxx11::basic_string<char, std::char_traits<char>, std::allocator<char> >) + 0x72 (0x7f0d46764d02 in /mnt/ssdraid/project/comfy-h3/.venv-exp/lib/python3.10/site-packages/torch/lib/libc10.so)
frame #3: c10d::ProcessGroupNCCL::WorkNCCL::checkTimeout(std::optional<std::chrono::duration<long, std::ratio<1l, 1000l> > >) + 0x2b1 (0x7f0c91e6fb41 in /mnt/ssdraid/project/comfy-h3/.venv-exp/lib/python3.10/site-packages/torch/lib/libtorch_cuda.so)
frame #4: c10d::ProcessGroupNCCL::Watchdog::runLoop() + 0x1541 (0x7f0c91e7b931 in /mnt/ssdraid/project/comfy-h3/.venv-exp/lib/python3.10/site-packages/torch/lib/libtorch_cuda.so)
frame #5: c10d::ProcessGroupNCCL::Watchdog::run() + 0x157 (0x7f0c91e7cd47 in /mnt/ssdraid/project/comfy-h3/.venv-exp/lib/python3.10/site-packages/torch/lib/libtorch_cuda.so)
frame #6: <unknown function> + 0xf6ca6 (0x7f0d16e54ca6 in /lib/x86_64-linux-gnu/libstdc++.so.6)
frame #7: <unknown function> + 0x94a83 (0x7f0d47c6ca83 in /lib/x86_64-linux-gnu/libc.so.6)
frame #8: <unknown function> + 0x1268e0 (0x7f0d47cfe8e0 in /lib/x86_64-linux-gnu/libc.so.6)

Exception raised from run at /__w/pytorch/pytorch/torch/csrc/distributed/c10d/ProcessGroupNCCL.cpp:2180 (most recent call first):
frame #0: c10::Error::Error(c10::SourceLocation, std::__cxx11::basic_string<char, std::char_traits<char>, std::allocator<char> >) + 0x9d (0x7f0d46763bfd in /mnt/ssdraid/project/comfy-h3/.venv-exp/lib/python3.10/site-packages/torch/lib/libc10.so)
frame #1: c10::DistError::DistError(c10::SourceLocation, std::__cxx11::basic_string<char, std::char_traits<char>, std::allocator<char> >) + 0x72 (0x7f0d46764bd2 in /mnt/ssdraid/project/comfy-h3/.venv-exp/lib/python3.10/site-packages/torch/lib/libc10.so)
frame #2: c10::DistBackendError::DistBackendError(c10::SourceLocation, std::__cxx11::basic_string<char, std::char_traits<char>, std::allocator<char> >) + 0x72 (0x7f0d46764d02 in /mnt/ssdraid/project/comfy-h3/.venv-exp/lib/python3.10/site-packages/torch/lib/libc10.so)
frame #3: <unknown function> + 0x697922 (0x7f0c915b6922 in /mnt/ssdraid/project/comfy-h3/.venv-exp/lib/python3.10/site-packages/torch/lib/libtorch_cuda.so)
frame #4: <unknown function> + 0xf6ca6 (0x7f0d16e54ca6 in /lib/x86_64-linux-gnu/libstdc++.so.6)
frame #5: <unknown function> + 0x94a83 (0x7f0d47c6ca83 in /lib/x86_64-linux-gnu/libc.so.6)
frame #6: <unknown function> + 0x1268e0 (0x7f0d47cfe8e0 in /lib/x86_64-linux-gnu/libc.so.6)

